// Jest Snapshot v1, https://goo.gl/fbAQLP

exports[`Rover should render Rover component 1`] = `
<span
  className="rover undefined ghost "
>
  ðŸ›¦
</span>
`;

exports[`Rover should render Rover component 2`] = `
<span
  className="rover undefined  "
>
  ðŸ›¦
</span>
`;
